[tijshollander.wixsite.com/hollandersmp.html]
[static.parastorage.com/unpkg/core-js-bundle@3.2.1/minified.js]
[static.parastorage.com/unpkg/focus-within-polyfill@5.0.9/dist/focus-within-polyfill.js]
[polyfill.io/v3/polyfill.mind82c.js]
[browser.sentry-cdn.com/6.18.2/bundle.min.js]
[tijshollander.wixsite.com/decodeURIComponent(e]
[backblue.gif]
[fade.gif]
[index.html]
[tijshollander.wixsite.com/sitemap.xml]
[tijshollander.wixsite.com/feed.xml]
[static.parastorage.com/services/wix-thunderbolt/dist/thunderbolt-commons.6058cc0a.bundle.min.js]
[static.parastorage.com/services/wix-thunderbolt/dist/main.bdb4e5e7.bundle.min.js]
[static.parastorage.com/unpkg/lodash@4.17.21/lodash.min.js]
[static.parastorage.com/unpkg/react@16.14.0/umd/react.production.min.js]
[static.parastorage.com/services/tag-manager-client/1.705.0/siteTags.bundle.min.js]
[static.parastorage.com/services/wix-perf-measure/1.1051.0/wix-perf-measure.umd.min.js]
[tijshollander.wixsite.com/index.html]
[static.parastorage.com/unpkg/react-dom@16.14.0/umd/react-dom.production.min.js]
[static.parastorage.com/services/editor-elements-library/dist/thunderbolt/media/tiny_arrows.4355fe50.png]
[static.wixstatic.com/media/fb7067_320e8de03de54b3593015dc4e7a282d0f000.jpg/v1/fill/w_147,h_83,al_c,q_80,usm_0.66_1.00_0.01,blur_2,enc_auto/fb7067_320e8de03de54b3593015dc4e7a282d0f000.jpg]
[static.wixstatic.com/media/fb7067_67484d43c8d543b6b503350fdfd22c2d_mv2.png/v1/fill/w_49,h_28,al_c,q_85,usm_0.66_1.00_0.01,blur_2,enc_auto/fb7067_67484d43c8d543b6b503350fdfd22c2d_mv2.png]
[static.wixstatic.com/media/fb7067_75897b38cf3346bbac205aa4bcc9cce6_mv2.png/v1/fill/w_49,h_28,al_c,q_85,usm_0.66_1.00_0.01,blur_2,enc_auto/fb7067_75897b38cf3346bbac205aa4bcc9cce6_mv2.png]
[static.wixstatic.com/media/fb7067_e4d7b62eec864fce9f94f1b1457bbb50_mv2.png/v1/fill/w_49,h_28,al_c,q_85,usm_0.66_1.00_0.01,blur_2,enc_auto/fb7067_e4d7b62eec864fce9f94f1b1457bbb50_mv2.png]
[static.wixstatic.com/media/fb7067_2f5ac8daf96c4ba0abdce50130a64f23f000.jpg/v1/fill/w_147,h_83,al_c,q_80,usm_0.66_1.00_0.01,blur_2,enc_auto/fb7067_2f5ac8daf96c4ba0abdce50130a64f23f000.jpg]
[tijshollander.wixsite.com/hollandersmp.html]
[tijshollander.wixsite.com/decodeURIComponent(e.html]
[tijshollander.wixsite.com/sitemap.html]
[tijshollander.wixsite.com/feed.html]
[tijshollander.wixsite.com/index.html]
[tijshollander.wixsite.com/hollandersmp/copy-of-home.html]
[tijshollander.wixsite.com/hollandersmp/decodeURIComponent(e]
[tijshollander.wixsite.com/hollandersmp/robots.txt]
[tijshollander.wixsite.com/hollandersmp/sitemap.xml]
[tijshollander.wixsite.com/hollandersmp/feed.xml]
[static.wixstatic.com/media/fb7067_5d33380bb8a9447fa6ad341c524f0487_mv2.png/v1/fill/w_49,h_28,al_c,q_85,usm_0.66_1.00_0.01,blur_2,enc_auto/fb7067_5d33380bb8a9447fa6ad341c524f0487_mv2.png]
[static.wixstatic.com/media/fb7067_66f26c401e844ff398c20ecfef4c24af_mv2.png/v1/fill/w_49,h_28,al_c,q_85,usm_0.66_1.00_0.01,blur_2,enc_auto/fb7067_66f26c401e844ff398c20ecfef4c24af_mv2.png]
[static.wixstatic.com/media/fb7067_a9f732e5ce8b4f44840a6b503b375598_mv2.png/v1/fill/w_49,h_28,al_c,q_85,usm_0.66_1.00_0.01,blur_2,enc_auto/fb7067_a9f732e5ce8b4f44840a6b503b375598_mv2.png]
[static.wixstatic.com/media/fb7067_4a2b09ac20f54816941a993391880b65_mv2.png/v1/fill/w_66,h_59,al_c,q_85,usm_0.66_1.00_0.01,blur_2,enc_auto/fb7067_4a2b09ac20f54816941a993391880b65_mv2.png]
[static.wixstatic.com/media/fb7067_1d0f3f4e2d83412cb982f6141ac7f697_mv2.png/v1/fill/w_66,h_59,al_c,q_85,usm_0.66_1.00_0.01,blur_2,enc_auto/Screenshot 2023-02-18 3_54_54 PM.png]
[static.wixstatic.com/media/fb7067_719ce07c6c734cbeba8f4f9597355db1_mv2.png/v1/fill/w_66,h_59,al_c,q_85,usm_0.66_1.00_0.01,blur_2,enc_auto/Screenshot 2023-02-18 3_55_35 PM.png]
[static.wixstatic.com/media/fb7067_339ba12be73c4325ae6587e372ab489a_mv2.png/v1/fill/w_66,h_59,al_c,q_85,usm_0.66_1.00_0.01,blur_2,enc_auto/Screenshot 2023-02-18 3_55_14 PM.png]
[tijshollander.wixsite.com/hollandersmp/copy-of-home.html]
[tijshollander.wixsite.com/hollandersmp/decodeURIComponent(e.html]
[tijshollander.wixsite.com/hollandersmp/robots.html]
[tijshollander.wixsite.com/hollandersmp/feed.html]
